задание: 2.2.1
проект: 221-command-time
устройство: 2e8a:000a
серийный номер: 503359279A87189F
порт: COM5
начало: 2026-10-01T19:27:25
   0.000 --> clk_info
   0.172 <-- clk_info
   0.174 <-- dbg read_line:152 got clk_info
   0.176 <-- name       set_khz measured_khz
   0.178 <-- clk_ref      12000        12001
   0.180 <-- clk_sys     125000       125000
   0.182 <-- clk_peri    125000       125001
   0.184 <-- clk_usb      48000        48000
   0.187 <-- clk_adc      48000        48000
   0.189 <-- ROSC             -         5297
   2.044 --> info
   2.140 <-- info
   2.145 <-- dbg read_line:152 got info
   2.149 <-- project: 221-command-time
   2.158 <-- repo: https://github.com/Clair-G/es-student
   2.160 <-- board: pico
   2.164 <-- serial: 503359279A87189F
   2.173 <-- chip: manufacturer 0x927, part 0x0002, revision 7
   2.175 <-- pico-sdk: 2.3.0
итог: отправлено команд 2, принято строк 17
