задание: 2.2.2
проект: 221-command-time
устройство: 2e8a:000a
серийный номер: 503359279A87189F
порт: COM5
начало: 2026-10-01T19:48:28
   0.000 --> uptime
   0.001 <-- uptime
   0.010 <-- dbg read_line:132 got uptime
   0.016 <-- uptime: 57628 ms
   0.442 --> boot_info
   0.443 <-- boot_info
   0.446 <-- dbg read_line:132 got boot_info
   0.448 <-- vector table     0x10000100
   0.453 <-- stack top      0x20042000
   0.455 <-- reset          0x100001f7
   0.458 <-- reset (even)   0x100001f6
   0.461 <-- gpio in          0xd0000004
   0.463 <-- led bit        0
   0.467 <-- gpio_get       0
   0.879 --> uptime
   0.879 <-- uptime
   0.881 <-- dbg read_line:132 got uptime
   0.882 <-- uptime: 58507 ms
   1.304 --> boot_info
   1.305 <-- boot_info
   1.306 <-- dbg read_line:132 got boot_info
   1.308 <-- vector table     0x10000100
   1.309 <-- stack top      0x20042000
   1.310 <-- reset          0x100001f7
   1.311 <-- reset (even)   0x100001f6
   1.313 <-- gpio in          0xd0000004
   1.314 <-- led bit        1
   1.315 <-- gpio_get       1
   1.729 --> uptime
   1.730 <-- uptime
   1.732 <-- dbg read_line:132 got uptime
   1.735 <-- uptime: 59357 ms
   2.155 --> boot_info
   2.156 <-- boot_info
   2.157 <-- dbg read_line:132 got boot_info
   2.159 <-- vector table     0x10000100
   2.160 <-- stack top      0x20042000
   2.161 <-- reset          0x100001f7
   2.163 <-- reset (even)   0x100001f6
   2.164 <-- gpio in          0xd0000004
   2.165 <-- led bit        1
   2.167 <-- gpio_get       1
   2.578 --> uptime
   2.579 <-- uptime
   2.582 <-- dbg read_line:132 got uptime
   2.584 <-- uptime: 60206 ms
   3.002 --> boot_info
   3.004 <-- boot_info
   3.009 <-- dbg read_line:132 got boot_info
   3.014 <-- vector table     0x10000100
   3.019 <-- stack top      0x20042000
   3.025 <-- reset          0x100001f7
   3.029 <-- reset (even)   0x100001f6
   3.035 <-- gpio in          0xd0000004
   3.038 <-- led bit        1
   3.040 <-- gpio_get       1
итог: отправлено команд 8, принято строк 48
