задание: 2.1.6
проект: 211-command-usb
устройство: 2e8a:000a
серийный номер: 503359279A87189F
порт: COM5
начало: 2026-09-25T18:45:53
   0.000 --> boot_info
   0.187 <-- boot_info
   0.189 <-- dbg read_line:143 got boot_info
   0.191 <-- vector table     0x10000100
   0.192 <-- stack top      0x20042000
   0.194 <-- reset          0x100001f7
   0.196 <-- reset (even)   0x100001f6
   0.197 <-- gpio in          0xd0000004
   0.198 <-- led bit        1
   0.200 <-- gpio_get       1
   2.225 --> enable
   2.348 <-- enable
   2.350 <-- dbg read_line:143 got enable
   2.353 <-- inf cmd_enable:54 led on
   4.378 --> boot_info
   4.569 <-- boot_info
   4.571 <-- dbg read_line:143 got boot_info
   4.573 <-- vector table     0x10000100
   4.575 <-- stack top      0x20042000
   4.576 <-- reset          0x100001f7
   4.577 <-- reset (even)   0x100001f6
   4.579 <-- gpio in          0xd0000004
   4.580 <-- led bit        1
   4.581 <-- gpio_get       1
   6.612 --> disable
   6.770 <-- disable
   6.773 <-- dbg read_line:143 got disable
   6.776 <-- inf cmd_disable:61 led off
   8.796 --> boot_info
   8.991 <-- boot_info
   8.993 <-- dbg read_line:143 got boot_info
   8.994 <-- vector table     0x10000100
   8.996 <-- stack top      0x20042000
   8.997 <-- reset          0x100001f7
   8.998 <-- reset (even)   0x100001f6
   9.000 <-- gpio in          0xd0000004
   9.001 <-- led bit        0
   9.003 <-- gpio_get       0
итог: отправлено команд 5, принято строк 33
