задание: 2.1.3
проект: 211-command-usb
устройство: 2e8a:000a
серийный номер: 503359279A87189F
порт: COM5
начало: 2026-09-22T21:05:01
   0.000 --> mem_info
   0.170 <-- mem_info
   0.178 <-- dbg read_line:125 got mem_info
   0.186 <-- area       start      end        size
   0.194 <-- flash      0x10000000 0x10200000  2097152
   0.200 <-- sram       0x20000000 0x20042000   270336
   0.204 <-- rom        0x00000000 0x00004000    16384
   0.208 <-- image      0x10000000 0x10008398    33688
   0.213 <-- free       0x10008398 0x10200000  2063464
   0.217 <-- boot2      0x10000000 0x10000100      256
   0.221 <-- text       0x10000100 0x100073a8    29352
   0.225 <-- data flash 0x100073a8 0x10008398     4080
   0.229 <-- data ram   0x200000c0 0x200010b0     4080
   0.233 <-- bss        0x200010b0 0x20001cec     3132
   0.237 <-- heap       0x20001cec 0x20040000   254740
   0.241 <-- stack      0x20041800 0x20042000     2048
   0.242 <-- total
   0.250 <-- flash image	    33688 = boot2      256 + text     29352 + data     4080
   0.254 <-- flash free	  2063464 of  2097152
   0.259 <-- ram used	     7212 = data     4080 + bss     3132
   0.263 <-- ram free	   254740 for heap and     2048 for stack
итог: отправлено команд 1, принято строк 20
