задание: 2.1.4
проект: 211-command-usb
устройство: 2e8a:000a
серийный номер: 503359279A87189F
порт: COM5
начало: 2026-09-24T21:58:30
   0.000 --> fw_info
   0.149 <-- fw_info
   0.151 <-- dbg read_line:132 got fw_info
   0.153 <-- object           address    value
   0.155 <-- main             0x10000329 0x0000b5f8
   0.157 <-- fw_info          0x10000669 0x00004b3a
   0.159 <-- commands         0x100074f0 0x100074f0
   0.161 <-- - enable           0x10000281
   0.163 <-- - disable          0x100002bd
   0.164 <-- - info             0x100002f9
   0.166 <-- - version          0x10000301
   0.167 <-- - ping             0x10000309
   0.169 <-- - mem_info         0x10000319
   0.171 <-- - fw_info          0x10000321
   0.173 <-- DEVICE_PROJECT   0x10007590 211-command-usb
   0.176 <-- DEVICE_BOARD     0x100075e4 pico
   0.178 <-- data_variable    0x20000fc8 105
   0.180 <-- bss_variable     0x2000207c 5
   0.182 <-- stack_variable   0x20041fac 1946
   0.184 <-- heap_variable    0x20002578 1951
   2.217 --> fw_info
   2.372 <-- fw_info
   2.376 <-- dbg read_line:132 got fw_info
   2.383 <-- object           address    value
   2.389 <-- main             0x10000329 0x0000b5f8
   2.394 <-- fw_info          0x10000669 0x00004b3a
   2.398 <-- commands         0x100074f0 0x100074f0
   2.400 <-- - enable           0x10000281
   2.403 <-- - disable          0x100002bd
   2.405 <-- - info             0x100002f9
   2.408 <-- - version          0x10000301
   2.410 <-- - ping             0x10000309
   2.413 <-- - mem_info         0x10000319
   2.415 <-- - fw_info          0x10000321
   2.419 <-- DEVICE_PROJECT   0x10007590 211-command-usb
   2.422 <-- DEVICE_BOARD     0x100075e4 pico
   2.425 <-- data_variable    0x20000fc8 106
   2.428 <-- bss_variable     0x2000207c 6
   2.432 <-- stack_variable   0x20041fac 1946
   2.435 <-- heap_variable    0x20002578 1951
   4.447 --> fw_info
   4.594 <-- fw_info
   4.600 <-- dbg read_line:132 got fw_info
   4.606 <-- object           address    value
   4.612 <-- main             0x10000329 0x0000b5f8
   4.618 <-- fw_info          0x10000669 0x00004b3a
   4.622 <-- commands         0x100074f0 0x100074f0
   4.625 <-- - enable           0x10000281
   4.628 <-- - disable          0x100002bd
   4.631 <-- - info             0x100002f9
   4.634 <-- - version          0x10000301
   4.637 <-- - ping             0x10000309
   4.640 <-- - mem_info         0x10000319
   4.643 <-- - fw_info          0x10000321
   4.646 <-- DEVICE_PROJECT   0x10007590 211-command-usb
   4.648 <-- DEVICE_BOARD     0x100075e4 pico
   4.650 <-- data_variable    0x20000fc8 107
   4.652 <-- bss_variable     0x2000207c 7
   4.654 <-- stack_variable   0x20041fac 1946
   4.656 <-- heap_variable    0x20002578 1951
итог: отправлено команд 3, принято строк 57
